10235
16
0 4 6 7 9 10 11 12 13 15 19 20 21 24 26 27 
