10846
15
2 5 6 9 11 12 13 15 16 17 24 25 26 28 29 
