10291
16
0 1 2 4 8 9 10 11 12 17 20 22 24 25 26 29 
