10869
15
2 5 6 7 10 11 15 16 17 18 20 21 23 24 27 
