8876
15
2 3 6 7 11 15 16 17 21 22 23 24 25 26 28 
