9950
15
2 3 5 6 10 15 16 17 19 20 23 24 26 27 29 
