12136
17
3 4 6 7 10 11 12 13 14 16 21 22 23 24 26 28 29 
