9563
16
2 3 5 6 8 10 11 14 15 17 18 23 26 27 28 29 
