10849
15
2 5 6 8 9 13 15 17 18 19 21 22 23 24 27 
