9537
15
1 2 4 5 10 13 15 16 17 18 20 21 22 24 25 
