11958
16
0 1 7 8 9 10 11 12 15 19 21 22 23 24 25 27 
