12299
16
2 5 6 7 8 10 11 13 19 21 22 23 24 25 26 27 
