12684
18
0 1 4 7 8 9 11 14 15 17 18 20 21 22 23 25 26 27 
