11119
16
0 2 4 5 6 7 8 10 11 14 15 20 21 24 27 28 
