10842
15
1 5 6 7 9 10 14 15 16 17 20 22 23 24 25 
