10608
16
0 1 7 8 9 12 13 14 15 16 19 21 23 25 27 28 
