10215
16
1 4 7 8 9 12 14 16 17 20 21 23 24 25 27 29 
