10381
15
1 2 3 4 9 10 11 14 16 17 18 19 20 21 26 
