11251
16
4 8 9 10 12 13 14 15 18 20 21 22 23 25 26 27 
