10219
15
1 4 5 9 10 11 12 13 14 15 17 18 21 24 28 
