11734
15
0 1 4 5 7 10 13 15 16 17 19 23 25 26 27 
