11027
16
0 1 2 3 8 9 11 15 17 19 20 21 23 24 25 28 
