10764
16
0 3 6 7 10 11 12 13 16 19 22 23 24 26 28 29 
