11407
15
1 2 3 4 7 14 15 16 17 21 23 24 25 26 27 
