10480
15
0 2 7 8 11 12 13 14 16 18 20 21 23 26 28 
