10678
15
0 3 7 9 12 13 14 17 18 19 22 23 24 27 28 
