10650
15
5 7 8 9 10 11 13 14 15 19 20 21 22 25 28 
