10998
15
0 2 3 4 9 10 11 13 19 20 21 22 24 25 27 
