9640
15
3 4 5 7 10 11 13 14 16 17 20 22 23 26 27 
