10714
17
1 6 8 9 10 11 14 15 17 18 21 22 23 24 25 26 29 
