10233
15
0 1 2 3 6 11 13 15 17 18 19 22 26 27 28 
