10247
15
1 7 9 10 11 13 14 16 19 20 21 22 23 25 26 
