10764
16
1 2 8 10 11 12 13 14 15 16 18 19 22 23 25 26 
