11249
15
1 2 5 7 10 12 14 16 17 22 24 25 26 27 28 
