10400
15
2 3 6 8 9 11 12 13 15 18 19 20 21 25 27 
