10281
16
1 3 4 5 7 10 12 13 16 17 18 22 23 24 25 26 
