12671
16
0 3 4 5 6 7 8 12 14 18 19 20 21 26 27 28 
