15502
26
1 4 6 7 8 9 10 11 12 14 16 17 19 20 25 26 29 33 35 39 40 42 43 44 47 48 
