10889
15
0 5 6 14 18 20 22 26 34 35 37 41 43 44 47 
