19274
30
1 2 3 4 6 9 13 14 15 16 17 18 22 23 25 29 30 31 32 35 36 37 38 39 40 43 44 45 48 49 
