11917
18
0 5 6 8 17 18 19 20 21 24 33 34 38 39 41 43 45 49 
