19563
28
0 1 3 4 8 9 11 12 13 20 21 22 25 27 28 30 32 33 34 35 36 38 39 40 41 45 46 48 
