11012
18
1 2 4 9 10 18 21 22 24 25 28 35 39 41 42 44 45 48 
