14531
19
0 2 9 10 11 22 23 26 27 28 31 32 34 36 37 38 40 42 48 
