15317
22
0 1 3 5 8 10 15 16 18 19 25 27 28 29 32 33 37 39 40 42 45 49 
