11981
15
1 7 11 15 21 22 23 24 26 30 33 34 40 44 46 
