10414
14
4 8 10 13 14 26 32 34 36 37 38 40 44 45 
