17517
30
0 1 2 4 7 10 12 13 14 15 17 18 19 20 22 25 26 28 31 34 36 37 38 41 42 43 44 45 47 49 
