14624
21
0 2 3 12 14 18 19 20 21 27 28 29 30 31 34 37 42 43 45 46 47 
