10163
15
0 3 5 9 10 20 28 30 35 37 39 41 43 46 49 
